[INFO] Scanning for projects...
[INFO] 
[INFO] -------------------------< com.techno:backend >-------------------------
[INFO] Building backend 0.0.1-SNAPSHOT
[INFO]   from pom.xml
[INFO] --------------------------------[ jar ]---------------------------------
[INFO] 
[INFO] --- jacoco:0.8.13:prepare-agent (default) @ backend ---
[INFO] argLine set to -javaagent:C:\\Users\\Brj\\.m2\\repository\\org\\jacoco\\org.jacoco.agent\\0.8.13\\org.jacoco.agent-0.8.13-runtime.jar=destfile=C:\\Projects\\Techno-Fullstack\\techno-backend\\target\\jacoco.exec
[INFO] 
[INFO] --- resources:3.3.1:resources (default-resources) @ backend ---
[INFO] Copying 1 resource from src\main\resources to target\classes
[INFO] Copying 9 resources from src\main\resources to target\classes
[INFO] 
[INFO] --- compiler:3.13.0:compile (default-compile) @ backend ---
[INFO] Nothing to compile - all classes are up to date.
[INFO] 
[INFO] --- resources:3.3.1:testResources (default-testResources) @ backend ---
[INFO] Copying 3 resources from src\test\resources to target\test-classes
[INFO] 
[INFO] --- compiler:3.13.0:testCompile (default-testCompile) @ backend ---
[INFO] Nothing to compile - all classes are up to date.
[INFO] 
[INFO] --- surefire:3.2.5:test (default-test) @ backend ---
[INFO] Using auto detected provider org.apache.maven.surefire.junitplatform.JUnitPlatformProvider
[INFO] 
[INFO] -------------------------------------------------------
[INFO]  T E S T S
[INFO] -------------------------------------------------------
[INFO] Running com.techno.backend.service.LoanServiceTest
[INFO] Running com.techno.backend.service.LoanServiceTest$ApprovalTests
19:59:06.728 [main] INFO  c.techno.backend.service.LoanService - Rejecting loan request 1, approver: 1001
19:59:06.745 [main] INFO  c.techno.backend.service.LoanService - Loan request 1 rejected
19:59:06.883 [main] INFO  c.techno.backend.service.LoanService - Approving loan request 1, approver: 1002
19:59:06.885 [main] INFO  c.techno.backend.service.LoanService - Generating installment schedule for loan 1: 12 installments starting 2026-03-18
19:59:06.887 [main] INFO  c.techno.backend.service.LoanService - Generated 12 installments for loan 1
19:59:06.888 [main] INFO  c.techno.backend.service.LoanService - Loan fully approved. Generated 12 installments for loan 1
[ERROR] Tests run: 2, Failures: 1, Errors: 0, Skipped: 0, Time elapsed: 2.136 s <<< FAILURE! -- in com.techno.backend.service.LoanServiceTest$ApprovalTests
[ERROR] com.techno.backend.service.LoanServiceTest$ApprovalTests.testApproveFinal -- Time elapsed: 0.044 s <<< FAILURE!
java.lang.AssertionError: 

Expected size: 12 but was: 0 in:
[]
	at com.techno.backend.service.LoanServiceTest$ApprovalTests.testApproveFinal(LoanServiceTest.java:140)
	at java.base/java.lang.reflect.Method.invoke(Method.java:569)
	at java.base/java.util.ArrayList.forEach(ArrayList.java:1511)
	at java.base/java.util.ArrayList.forEach(ArrayList.java:1511)
	at java.base/java.util.ArrayList.forEach(ArrayList.java:1511)

[INFO] Running com.techno.backend.service.LoanServiceTest$FinancialTests
19:59:06.954 [main] INFO  c.techno.backend.service.LoanService - Deducted 1000 from loan 1. Remaining balance: 4000
19:59:06.976 [main] INFO  c.techno.backend.service.LoanService - Approving loan request 1, approver: 1002
[ERROR] Tests run: 2, Failures: 0, Errors: 2, Skipped: 0, Time elapsed: 0.068 s <<< FAILURE! -- in com.techno.backend.service.LoanServiceTest$FinancialTests
[ERROR] com.techno.backend.service.LoanServiceTest$FinancialTests.testDeductPayment -- Time elapsed: 0.018 s <<< ERROR!
java.lang.RuntimeException: ╪º┘ä┘à┘ê╪╕┘? ╪║┘è╪▒ ┘à┘ê╪¼┘ê╪»
	at com.techno.backend.service.LoanService.lambda$deductPayment$13(LoanService.java:512)
	at java.base/java.util.Optional.orElseThrow(Optional.java:403)
	at com.techno.backend.service.LoanService.deductPayment(LoanService.java:512)
	at com.techno.backend.service.LoanServiceTest$FinancialTests.testDeductPayment(LoanServiceTest.java:221)
	at java.base/java.lang.reflect.Method.invoke(Method.java:569)
	at java.base/java.util.ArrayList.forEach(ArrayList.java:1511)
	at java.base/java.util.ArrayList.forEach(ArrayList.java:1511)
	at java.base/java.util.ArrayList.forEach(ArrayList.java:1511)

[ERROR] com.techno.backend.service.LoanServiceTest$FinancialTests.testRounding -- Time elapsed: 0.040 s <<< ERROR!
org.mockito.exceptions.misusing.PotentialStubbingProblem: 

Strict stubbing argument mismatch. Please check:
 - this invocation of 'findById' method:
    employeeRepository.findById(null);
    -> at com.techno.backend.service.LoanService.approveLoan(LoanService.java:211)
 - has following stubbing(s) with different arguments:
    1. employeeRepository.findById(1026L);
      -> at com.techno.backend.service.LoanServiceTest$FinancialTests.testRounding(LoanServiceTest.java:195)
Typically, stubbing argument mismatch indicates user mistake when writing tests.
Mockito fails early so that you can debug potential problem easily.
However, there are legit scenarios when this exception generates false negative signal:
  - stubbing the same method multiple times using 'given().will()' or 'when().then()' API
    Please use 'will().given()' or 'doReturn().when()' API for stubbing.
  - stubbed method is intentionally invoked with different arguments by code under test
    Please use default or 'silent' JUnit Rule (equivalent of Strictness.LENIENT).
For more information see javadoc for PotentialStubbingProblem class.
	at com.techno.backend.service.LoanService.approveLoan(LoanService.java:211)
	at com.techno.backend.service.LoanServiceTest$FinancialTests.testRounding(LoanServiceTest.java:202)
	at java.base/java.lang.reflect.Method.invoke(Method.java:569)
	at java.base/java.util.ArrayList.forEach(ArrayList.java:1511)
	at java.base/java.util.ArrayList.forEach(ArrayList.java:1511)
	at java.base/java.util.ArrayList.forEach(ArrayList.java:1511)

[INFO] Running com.techno.backend.service.LoanServiceTest$PostponementTests
19:59:07.018 [main] INFO  c.techno.backend.service.LoanService - Submitting postponement request for loan 1, installment 10: New date=2026-04-18
19:59:07.033 [main] INFO  c.techno.backend.service.LoanService - Approving postponement request 100, approver: 1002
19:59:07.035 [main] INFO  c.techno.backend.service.LoanService - Postponement fully approved. Updated installment 10 due date to 2026-05-01
19:59:07.036 [main] ERROR c.techno.backend.service.LoanService - Failed to publish loan postponement approved notification: Cannot invoke "java.math.BigDecimal.toString()" because the return value of "com.techno.backend.entity.Loan.getLoanAmount()" is null
java.lang.NullPointerException: Cannot invoke "java.math.BigDecimal.toString()" because the return value of "com.techno.backend.entity.Loan.getLoanAmount()" is null
	at com.techno.backend.service.LoanService.publishLoanPostponementApprovedNotification(LoanService.java:1120)
	at com.techno.backend.service.LoanService.approvePostponement(LoanService.java:674)
	at com.techno.backend.service.LoanServiceTest$PostponementTests.testApprovePostponement(LoanServiceTest.java:272)
	at java.base/jdk.internal.reflect.NativeMethodAccessorImpl.invoke0(Native Method)
	at java.base/jdk.internal.reflect.NativeMethodAccessorImpl.invoke(NativeMethodAccessorImpl.java:77)
	at java.base/jdk.internal.reflect.DelegatingMethodAccessorImpl.invoke(DelegatingMethodAccessorImpl.java:43)
	at java.base/java.lang.reflect.Method.invoke(Method.java:569)
	at org.junit.platform.commons.util.ReflectionUtils.invokeMethod(ReflectionUtils.java:728)
	at org.junit.jupiter.engine.execution.MethodInvocation.proceed(MethodInvocation.java:60)
	at org.junit.jupiter.engine.execution.InvocationInterceptorChain$ValidatingInvocation.proceed(InvocationInterceptorChain.java:131)
	at org.junit.jupiter.engine.extension.TimeoutExtension.intercept(TimeoutExtension.java:156)
	at org.junit.jupiter.engine.extension.TimeoutExtension.interceptTestableMethod(TimeoutExtension.java:147)
	at org.junit.jupiter.engine.extension.TimeoutExtension.interceptTestMethod(TimeoutExtension.java:86)
	at org.junit.jupiter.engine.execution.InterceptingExecutableInvoker$ReflectiveInterceptorCall.lambda$ofVoidMethod$0(InterceptingExecutableInvoker.java:103)
	at org.junit.jupiter.engine.execution.InterceptingExecutableInvoker.lambda$invoke$0(InterceptingExecutableInvoker.java:93)
	at org.junit.jupiter.engine.execution.InvocationInterceptorChain$InterceptedInvocation.proceed(InvocationInterceptorChain.java:106)
	at org.junit.jupiter.engine.execution.InvocationInterceptorChain.proceed(InvocationInterceptorChain.java:64)
	at org.junit.jupiter.engine.execution.InvocationInterceptorChain.chainAndInvoke(InvocationInterceptorChain.java:45)
	at org.junit.jupiter.engine.execution.InvocationInterceptorChain.invoke(InvocationInterceptorChain.java:37)
	at org.junit.jupiter.engine.execution.InterceptingExecutableInvoker.invoke(InterceptingExecutableInvoker.java:92)
	at org.junit.jupiter.engine.execution.InterceptingExecutableInvoker.invoke(InterceptingExecutableInvoker.java:86)
	at org.junit.jupiter.engine.descriptor.TestMethodTestDescriptor.lambda$invokeTestMethod$7(TestMethodTestDescriptor.java:218)
	at org.junit.platform.engine.support.hierarchical.ThrowableCollector.execute(ThrowableCollector.java:73)
	at org.junit.jupiter.engine.descriptor.TestMethodTestDescriptor.invokeTestMethod(TestMethodTestDescriptor.java:214)
	at org.junit.jupiter.engine.descriptor.TestMethodTestDescriptor.execute(TestMethodTestDescriptor.java:139)
	at org.junit.jupiter.engine.descriptor.TestMethodTestDescriptor.execute(TestMethodTestDescriptor.java:69)
	at org.junit.platform.engine.support.hierarchical.NodeTestTask.lambda$executeRecursively$6(NodeTestTask.java:151)
	at org.junit.platform.engine.support.hierarchical.ThrowableCollector.execute(ThrowableCollector.java:73)
	at org.junit.platform.engine.support.hierarchical.NodeTestTask.lambda$executeRecursively$8(NodeTestTask.java:141)
	at org.junit.platform.engine.support.hierarchical.Node.around(Node.java:137)
	at org.junit.platform.engine.support.hierarchical.NodeTestTask.lambda$executeRecursively$9(NodeTestTask.java:139)
	at org.junit.platform.engine.support.hierarchical.ThrowableCollector.execute(ThrowableCollector.java:73)
	at org.junit.platform.engine.support.hierarchical.NodeTestTask.executeRecursively(NodeTestTask.java:138)
	at org.junit.platform.engine.support.hierarchical.NodeTestTask.execute(NodeTestTask.java:95)
	at java.base/java.util.ArrayList.forEach(ArrayList.java:1511)
	at org.junit.platform.engine.support.hierarchical.SameThreadHierarchicalTestExecutorService.invokeAll(SameThreadHierarchicalTestExecutorService.java:41)
	at org.junit.platform.engine.support.hierarchical.NodeTestTask.lambda$executeRecursively$6(NodeTestTask.java:155)
	at org.junit.platform.engine.support.hierarchical.ThrowableCollector.execute(ThrowableCollector.java:73)
	at org.junit.platform.engine.support.hierarchical.NodeTestTask.lambda$executeRecursively$8(NodeTestTask.java:141)
	at org.junit.platform.engine.support.hierarchical.Node.around(Node.java:137)
	at org.junit.platform.engine.support.hierarchical.NodeTestTask.lambda$executeRecursively$9(NodeTestTask.java:139)
	at org.junit.platform.engine.support.hierarchical.ThrowableCollector.execute(ThrowableCollector.java:73)
	at org.junit.platform.engine.support.hierarchical.NodeTestTask.executeRecursively(NodeTestTask.java:138)
	at org.junit.platform.engine.support.hierarchical.NodeTestTask.execute(NodeTestTask.java:95)
	at java.base/java.util.ArrayList.forEach(ArrayList.java:1511)
	at org.junit.platform.engine.support.hierarchical.SameThreadHierarchicalTestExecutorService.invokeAll(SameThreadHierarchicalTestExecutorService.java:41)
	at org.junit.platform.engine.support.hierarchical.NodeTestTask.lambda$executeRecursively$6(NodeTestTask.java:155)
	at org.junit.platform.engine.support.hierarchical.ThrowableCollector.execute(ThrowableCollector.java:73)
	at org.junit.platform.engine.support.hierarchical.NodeTestTask.lambda$executeRecursively$8(NodeTestTask.java:141)
	at org.junit.platform.engine.support.hierarchical.Node.around(Node.java:137)
	at org.junit.platform.engine.support.hierarchical.NodeTestTask.lambda$executeRecursively$9(NodeTestTask.java:139)
	at org.junit.platform.engine.support.hierarchical.ThrowableCollector.execute(ThrowableCollector.java:73)
	at org.junit.platform.engine.support.hierarchical.NodeTestTask.executeRecursively(NodeTestTask.java:138)
	at org.junit.platform.engine.support.hierarchical.NodeTestTask.execute(NodeTestTask.java:95)
	at java.base/java.util.ArrayList.forEach(ArrayList.java:1511)
	at org.junit.platform.engine.support.hierarchical.SameThreadHierarchicalTestExecutorService.invokeAll(SameThreadHierarchicalTestExecutorService.java:41)
	at org.junit.platform.engine.support.hierarchical.NodeTestTask.lambda$executeRecursively$6(NodeTestTask.java:155)
	at org.junit.platform.engine.support.hierarchical.ThrowableCollector.execute(ThrowableCollector.java:73)
	at org.junit.platform.engine.support.hierarchical.NodeTestTask.lambda$executeRecursively$8(NodeTestTask.java:141)
	at org.junit.platform.engine.support.hierarchical.Node.around(Node.java:137)
	at org.junit.platform.engine.support.hierarchical.NodeTestTask.lambda$executeRecursively$9(NodeTestTask.java:139)
	at org.junit.platform.engine.support.hierarchical.ThrowableCollector.execute(ThrowableCollector.java:73)
	at org.junit.platform.engine.support.hierarchical.NodeTestTask.executeRecursively(NodeTestTask.java:138)
	at org.junit.platform.engine.support.hierarchical.NodeTestTask.execute(NodeTestTask.java:95)
	at org.junit.platform.engine.support.hierarchical.SameThreadHierarchicalTestExecutorService.submit(SameThreadHierarchicalTestExecutorService.java:35)
	at org.junit.platform.engine.support.hierarchical.HierarchicalTestExecutor.execute(HierarchicalTestExecutor.java:57)
	at org.junit.platform.engine.support.hierarchical.HierarchicalTestEngine.execute(HierarchicalTestEngine.java:54)
	at org.junit.platform.launcher.core.EngineExecutionOrchestrator.execute(EngineExecutionOrchestrator.java:198)
	at org.junit.platform.launcher.core.EngineExecutionOrchestrator.execute(EngineExecutionOrchestrator.java:169)
	at org.junit.platform.launcher.core.EngineExecutionOrchestrator.execute(EngineExecutionOrchestrator.java:93)
	at org.junit.platform.launcher.core.EngineExecutionOrchestrator.lambda$execute$0(EngineExecutionOrchestrator.java:58)
	at org.junit.platform.launcher.core.EngineExecutionOrchestrator.withInterceptedStreams(EngineExecutionOrchestrator.java:141)
	at org.junit.platform.launcher.core.EngineExecutionOrchestrator.execute(EngineExecutionOrchestrator.java:57)
	at org.junit.platform.launcher.core.DefaultLauncher.execute(DefaultLauncher.java:103)
	at org.junit.platform.launcher.core.DefaultLauncher.execute(DefaultLauncher.java:85)
	at org.junit.platform.launcher.core.DelegatingLauncher.execute(DelegatingLauncher.java:47)
	at org.apache.maven.surefire.junitplatform.LazyLauncher.execute(LazyLauncher.java:56)
	at org.apache.maven.surefire.junitplatform.JUnitPlatformProvider.execute(JUnitPlatformProvider.java:184)
	at org.apache.maven.surefire.junitplatform.JUnitPlatformProvider.invokeAllTests(JUnitPlatformProvider.java:148)
	at org.apache.maven.surefire.junitplatform.JUnitPlatformProvider.invoke(JUnitPlatformProvider.java:122)
	at org.apache.maven.surefire.booter.ForkedBooter.runSuitesInProcess(ForkedBooter.java:385)
	at org.apache.maven.surefire.booter.ForkedBooter.execute(ForkedBooter.java:162)
	at org.apache.maven.surefire.booter.ForkedBooter.run(ForkedBooter.java:507)
	at org.apache.maven.surefire.booter.ForkedBooter.main(ForkedBooter.java:495)
[ERROR] Tests run: 2, Failures: 0, Errors: 1, Skipped: 0, Time elapsed: 0.031 s <<< FAILURE! -- in com.techno.backend.service.LoanServiceTest$PostponementTests
[ERROR] com.techno.backend.service.LoanServiceTest$PostponementTests.testSubmitPostponement -- Time elapsed: 0.010 s <<< ERROR!
java.lang.NullPointerException: Cannot invoke "java.lang.Long.equals(Object)" because the return value of "com.techno.backend.entity.LoanInstallment.getLoanId()" is null
	at com.techno.backend.service.LoanService.submitPostponementRequest(LoanService.java:552)
	at com.techno.backend.service.LoanServiceTest$PostponementTests.testSubmitPostponement(LoanServiceTest.java:245)
	at java.base/java.lang.reflect.Method.invoke(Method.java:569)
	at java.base/java.util.ArrayList.forEach(ArrayList.java:1511)
	at java.base/java.util.ArrayList.forEach(ArrayList.java:1511)
	at java.base/java.util.ArrayList.forEach(ArrayList.java:1511)

[INFO] Running com.techno.backend.service.LoanServiceTest$SubmissionTests
19:59:07.054 [main] INFO  c.techno.backend.service.LoanService - Submitting loan request for employee 1026: Amount=12000.0000, Installments=12
19:59:07.055 [main] INFO  c.techno.backend.service.LoanService - Loan request created: ID=null, Amount=12000.0000, Installment=1000.0000, Next Approver=1001
19:59:07.075 [main] INFO  c.techno.backend.service.LoanService - Submitting loan request for employee 1026: Amount=130000.0000, Installments=12
19:59:07.084 [main] INFO  c.techno.backend.service.LoanService - Submitting loan request for employee 1026: Amount=1000, Installments=10
19:59:07.091 [main] INFO  c.techno.backend.service.LoanService - Submitting loan request for employee 1026: Amount=1000, Installments=10
19:59:07.096 [main] INFO  c.techno.backend.service.LoanService - Submitting loan request for employee 1026: Amount=1000, Installments=12
[INFO] Tests run: 5, Failures: 0, Errors: 0, Skipped: 0, Time elapsed: 0.050 s -- in com.techno.backend.service.LoanServiceTest$SubmissionTests
[INFO] Tests run: 0, Failures: 0, Errors: 0, Skipped: 0, Time elapsed: 2.333 s -- in com.techno.backend.service.LoanServiceTest
[INFO] 
[INFO] Results:
[INFO] 
[ERROR] Failures: 
[ERROR]   LoanServiceTest$ApprovalTests.testApproveFinal:140 
Expected size: 12 but was: 0 in:
[]
[ERROR] Errors: 
[ERROR]   LoanServiceTest$FinancialTests.testDeductPayment:221 ╗ Runtime ╪º┘ä┘à┘ê╪╕┘? ╪║┘è╪▒ ┘à┘ê╪¼┘ê╪»
[ERROR]   LoanServiceTest$FinancialTests.testRounding:202 ╗ PotentialStubbingProblem 
Strict stubbing argument mismatch. Please check:
 - this invocation of 'findById' method:
    employeeRepository.findById(null);
    -> at com.techno.backend.service.LoanService.approveLoan(LoanService.java:211)
 - has following stubbing(s) with different arguments:
    1. employeeRepository.findById(1026L);
      -> at com.techno.backend.service.LoanServiceTest$FinancialTests.testRounding(LoanServiceTest.java:195)
Typically, stubbing argument mismatch indicates user mistake when writing tests.
Mockito fails early so that you can debug potential problem easily.
However, there are legit scenarios when this exception generates false negative signal:
  - stubbing the same method multiple times using 'given().will()' or 'when().then()' API
    Please use 'will().given()' or 'doReturn().when()' API for stubbing.
  - stubbed method is intentionally invoked with different arguments by code under test
    Please use default or 'silent' JUnit Rule (equivalent of Strictness.LENIENT).
For more information see javadoc for PotentialStubbingProblem class.
[ERROR]   LoanServiceTest$PostponementTests.testSubmitPostponement:245 ╗ NullPointer Cannot invoke "java.lang.Long.equals(Object)" because the return value of "com.techno.backend.entity.LoanInstallment.getLoanId()" is null
[INFO] 
[ERROR] Tests run: 11, Failures: 1, Errors: 3, Skipped: 0
[INFO] 
[INFO] ------------------------------------------------------------------------
[INFO] BUILD FAILURE
[INFO] ------------------------------------------------------------------------
[INFO] Total time:  6.350 s
[INFO] Finished at: 2026-01-18T19:59:07+02:00
[INFO] ------------------------------------------------------------------------
[ERROR] Failed to execute goal org.apache.maven.plugins:maven-surefire-plugin:3.2.5:test (default-test) on project backend: There are test failures.
[ERROR] 
[ERROR] Please refer to C:\Projects\Techno-Fullstack\techno-backend\target\surefire-reports for the individual test results.
[ERROR] Please refer to dump files (if any exist) [date].dump, [date]-jvmRun[N].dump and [date].dumpstream.
[ERROR] -> [Help 1]
[ERROR] 
[ERROR] To see the full stack trace of the errors, re-run Maven with the -e switch.
[ERROR] Re-run Maven using the -X switch to enable full debug logging.
[ERROR] 
[ERROR] For more information about the errors and possible solutions, please read the following articles:
[ERROR] [Help 1] http://cwiki.apache.org/confluence/display/MAVEN/MojoFailureException
